# Work Agent 错误记录

> 开发过程中所有遇到的问题必须记录。
> 每遇到编译错误、数据库错误、依赖问题、架构问题、测试失败、环境问题，必须追加。

====================
时间：2026-08-11
模块：core/container + rag
问题：RAG 半重构断线，应用无法启动
现象：`RAGService("knowledge")` 传参 TypeError；`nodes.py` 调用不存在的 `category` 参数；`import_knowledge.py` 引用不存在的 `.knowledge` 属性
原因分析：Milvus 迁移落地时容器组装/调用点未同步更新
解决过程：逐个核对 service.py/nodes.py/container.py/import_knowledge.py 签名与调用
最终方案：container 改 `RAGService()`；nodes 去掉 `category=` kwarg；rag/service 增补 `import_knowledge()` 方法复用 KnowledgeManager
是否增加测试：否（回归已覆盖）
====================

====================
时间：2026-08-11
模块：rag/milvus_store
问题：delete 后立即查询 count 未减
现象：`delete_by_ids` 返回 delete_count=1，但 `count_by_document` 仍为 1
原因分析：Milvus 默认 Bounded 一致性，删除后查询不保证立即可见
解决过程：对比 insert/count/search 调用参数，定位一致性级别
最终方案：新方法显式传 `consistency_level="Strong"`
是否增加测试：是（test_milvus.py 覆盖 delete 后 count==0）
====================

====================
时间：2026-08-11
模块：Windows 控制台
问题：GBK 编码崩溃
现象：agent 节点 `print()` 遇到非 GBK 字符（Ա、✅）抛 `UnicodeEncodeError`
原因分析：Windows 管道/控制台默认 GBK，Python print 无法编码部分 unicode
解决过程：排查 uvicorn 日志 traceback 定位到 print 语句
最终方案：`config.py` 全局重配置 stdout/stderr 为 UTF-8 + errors=replace
是否增加测试：否（环境修复，脚本可正常输出即验证）
====================

====================
时间：2026-08-11
模块：scripts 轮询
问题：_wait_ready 读到旧状态
现象：管线已置 ready，轮询仍显示 processing/timeout
原因分析：SQLAlchemy 同一 Session 内 `db.get()` 走身份映射缓存，不重新查库
解决过程：比对同一 session 与不同 session 读取差异
最终方案：轮询循环内 `db.expire_all()` 强制刷新
是否增加测试：是（test_permission/test_audit 依赖该修复）
====================

====================
时间：2026-08-11
模块：frontend 测试
问题：curl 发送中文 multipart 文件名乱码
现象：`filename` 上传后成 GBK 乱码，但表单字段正常
原因分析：Windows curl 用本地代码页发送文件名，FastAPI 按 UTF-8 解析
解决过程：对比 category/departments 正常而 filename 乱码
最终方案：真实浏览器为 UTF-8 不受影响；测试改用 httpx/TestClient 传 bytes
是否增加测试：否
====================

====================
时间：2026-08-11
模块：frontend npm
问题：npm install 超慢 / 会话 cwd 被改动
现象：npm install 无输出多分钟；后续 bash 命令在 frontend/ 下找不到 `.venv/Scripts/python.exe`
原因分析：npm 大包(element-plus)在慢网络下解压久；`cd frontend && npm run build` 改变会话 cwd 并持久化
解决过程：等待 npm 完成；用绝对路径/显式 cd 回项目根
最终方案：后台命令统一 `cd /d/project/work_agent`；涉及 frontend 命令用绝对路径
是否增加测试：否
====================

====================
时间：2026-08-11
模块：scripts/test_tenant_admin
问题：中文 bytes 字面量 SyntaxError
现象：`b"企业A专属制度内容"` 编译报 "bytes can only contain ASCII literal characters"
原因分析：Python 源码中 bytes 字面量只能含 ASCII
解决过程：定位两个文件上传处
最终方案：改为 `"企业A专属制度内容".encode("utf-8")`
是否增加测试：是（test_tenant_admin.py）
====================

====================
时间：2026-08-11
模块：scripts/test_audit
问题：NameError: AgentLog 未定义
现象：场景4 `db.query(AgentLog)` 崩溃，测试中断；管道 `tail` 掩盖了真实退出码
原因分析：测试引用了 AgentLog 但未 import
解决过程：用 `python -u` 无缓冲运行定位真实异常
最终方案：补 `from work_agent.db.models import AgentLog`
是否增加测试：是（test_audit.py 场景4）
====================

====================
时间：2026-08-11
模块：scripts/test_audit 清理
问题：清理测试文档触发 TenantAccessDenied
现象：`document_service.delete(doc_a_id)` 未传 tenant_id，而文档在租户1/2，抛越权异常，测试文档残留
原因分析：delete 默认 tenant_id=""，与文档 tenant_id 不匹配（安全校验生效）
解决过程：核对 delete 签名与越权校验逻辑
最终方案：测试清理按文档实际 tenant_id 传参
是否增加测试：是（test_audit.py 清理步骤）
====================

====================
时间：2026-08-11
模块：shell 环境
问题：后端重启 exit 127
现象：`.venv/Scripts/python.exe` 找不到，报 "No such file or directory"
原因分析：会话 cwd 停在 frontend/，相对路径失效
解决过程：`pwd` 确认 cwd，检查相对路径
最终方案：统一 `cd /d/project/work_agent` 后用绝对路径
是否增加测试：否
====================

====================
时间：2026-08-11
模块：api/admin + schemas
问题：response_model 过滤响应字段
现象：PUT /permissions 返回缺少 synced_chunks，测试 KeyError
原因分析：FastAPI response_model=PermissionOut 只保留声明的字段，额外键被过滤
解决过程：测试断言触发 KeyError，定位到 response_model
最终方案：PermissionOut 增加可选字段 synced_chunks
是否增加测试：是（test_permission_management.py）
====================

====================
时间：2026-08-11
模块：scripts 测试残留
问题：前次失败运行残留文档污染基线
现象：test_permission_management 基线断言失败（研发员工未过滤）
原因分析：上一次运行在 PUT 加研发部后崩溃，残留文档带"研发部"权限，被下次运行基线检索到
解决过程：排查 Milvus 候选文档 access 元数据，发现多个残留文档
最终方案：测试开头清理租户1/2残留文档
是否增加测试：是（test_permission_management.py 开头清理）
====================

====================
时间：2026-08-11
模块：api/admin RBAC 重构
问题：正则批量替换依赖失败
现象：部分端点 current_user 变成空的 Depends()，FastAPI 无法识别
原因分析：正则 `[^)]*?` 在多括号签名处提前匹配到第一个 )，未替换成功
解决过程：grep 定位 Depends() 空依赖，逐函数修复
最终方案：逐个端点补 require_permission(...)
是否增加测试：是（test_rbac.py）
====================

====================
时间：2026-08-11
阶段：Enterprise Architecture Review
文件：services/rbac_service.py
问题：RBACService 直接执行 DB 查询（3 表 join），绕过 Repository 层
原因：权限解析查询直接写在 Service，违反 API→Service→Repository→DB 分层
解决方案：新增 repositories/rbac_repository.py，RBACService 改为仅依赖 Repository
验证方式：test_rbac.py 通过
====================

====================
时间：2026-08-11
阶段：Enterprise Architecture Review
文件：api/admin.py
问题：归档端点未记录操作日志
原因：POST /audit/archive 遗漏 operation_logs 记录
解决方案：补齐 audit.archive 操作审计
验证方式：test_security_regression.py 场景3 + 操作审计回归
====================

====================
时间：2026-08-11
阶段：Enterprise Architecture Review
文件：config.py
问题：config.py 存在弱口令默认值（admin_password=admin123 / minio minioadmin）
原因：开发期为了便利设置的默认值，生产环境是安全隐患
解决方案：默认值改为空串，强制通过 .env 提供；新增 .env.example 模板
验证方式：配置从 .env 正确读取（import 后校验 bool(settings.admin_password)）
====================

====================
时间：2026-08-11
阶段：Enterprise Architecture Review
文件：db/models/*.py + migrate_indexes.py
问题：多表缺 tenant_id/created_at/组合索引
原因：新增表时未同步设计高频查询索引
解决方案：模型补 __table_args__ 组合索引 + migrate_indexes.py 迁移脚本
验证方式：psql 查询 pg_indexes 确认 7 个索引存在
====================

====================
时间：2026-08-11
Phase：Phase 4-1
文件：agent/router/（新包 vs 旧 router.py）
问题：新建 agent/router/ 包遮蔽原有 agent/router.py 模块
原因分析：Python 包目录优先级高于同目录 .py 模块，`from work_agent.agent.router import router_node` 导入失败，workflow 回归测试 ImportError
解决方案：旧 router.py 移入包内 legacy.py，__init__.py 重新导出 router_node 保持向后兼容
验证：test_tenant_admin / test_audit 回归通过
====================

====================
时间：2026-08-11
Phase：Phase 4-4
文件：prompts/intent_router.txt
问题："查看知识库文档列表" 被误分类为 knowledge_query 而非 document_operation
原因分析：intent_router prompt 的 document_operation 示例只含上传/删除/改权限，缺"查看列表/有哪些文档"类示例
解决方案：prompt 增加"查看知识库文档列表" "有哪些文档" "查看文档5" 示例
验证方式：test_tool_calling.py 场景2（document_operation → document_tool.list 返回文档列表）
====================

====================
时间：2026-08-11
Phase：Phase 4-7
文件：agent/tools/document_tool.py
问题：重构 _dispatch 后 context 未传递，NameError
原因分析：提取 _dispatch 方法时漏传 context 参数，内部引用 context.tenant_id 失败
解决方案：_dispatch 签名增加 context 参数，调用处传递
验证方式：test_agent_intelligence.py 场景3（文档操作）通过
====================

====================
时间：2026-08-11
Phase：Phase 4-7
文件：scripts/test_agent_intelligence.py
问题：跨租户断言过严误判
现象：A用户检索B文档返回"未检索到...企业B专属机密..."，断言 response 不含"企业B专属机密"失败
原因分析：LLM 在"未找到"回复中回显查询词，非内容泄漏；断言应检查文档内容而非查询词
解决方案：改为断言 B 文档独特内容"仅企业B可见"不在回复
验证方式：test_agent_intelligence.py 场景5 通过
====================

====================
时间：2026-08-11
Phase：Phase 5-2
文件：scripts/test_multi_agent.py + test_tool_calling.py
问题：LLM 意图分类不确定性导致测试偶发失败
现象："查看知识库文档列表" 时而被分类为 knowledge_query 而非 document_operation，断言失败
原因分析：意图路由依赖 LLM，同一消息分类存在波动
解决方案：场景改为确定性直接调用 OperationAgent/document_tool（构造 PlanResult），不依赖 LLM 分类
验证方式：test_multi_agent / test_tool_calling 连续多次通过
====================

====================
时间：2026-08-11
Phase：Phase 5-2
文件：scripts/test_permission_management.py
问题：Milvus 孤儿向量污染测试基线
现象：中断运行的回归留下无 DB 记录的 Milvus 向量（带历史权限 user_ids），导致基线断言失败
原因分析：文档删除若中途中断，DB 记录已删但向量残留；测试清理只删 DB 不查 Milvus
解决方案：新增 scripts/test_utils.py cleanup_tenant_data()（DB + Milvus 孤儿向量双清理），各测试复用
验证方式：test_permission_management 恢复通过
====================

====================
时间：2026-08-11
Phase：Phase 5-2
文件：scripts/test_tool_calling.py
问题：函数内本地 import RBACService 遮蔽模块级导入
现象：UnboundLocalError，前面的 RBACService 用法报未关联值
原因分析：Python 函数内任何对名字的赋值（含 import）使该名字在整函数作用域视为局部
解决方案：删除函数内重复的 RBACService 本地 import（顶部已有）
验证方式：test_tool_calling 通过
====================

====================
时间：2026-08-11
Phase：Phase 5-3
文件：agent/tools/audit_tool.py
问题：audit_tool 返回 ORM 对象导致 json.dumps 失败
现象：AgentLog not JSON serializable，operation_agent 格式化审计结果时崩溃
原因分析：audit_service.list_logs 返回 ORM 对象，工具结果未序列化
解决方案：AuditTool 将日志/操作项转换为纯 dict（id/user/action/status 等）
验证方式：全量评测 50/50 通过（tool_accuracy=1.0）
====================

====================
时间：2026-08-11
Phase：Phase 5-3
文件：agent/planner.py
问题：工具 args 含 action 导致重复关键字参数
现象：DocumentTool.execute() got multiple values for keyword argument 'action'
原因分析：tool_selector 的 args 可能含 action，operation_agent 又单独传 action
解决方案：planner 构造 PlanStep 时从 args 中剥离 action
验证方式：全量评测 security_010 通过
====================

====================
时间：2026-08-11
Phase：Phase 5-3
文件：agent/runtime.py
问题：legacy 路径 intent 被旧工作流中文意图覆盖
现象：intent_007/009 评测失败（intent 返回空/中文而非 IntentRouter 分类）
原因分析：result["intent"] = result.get("intent", intent_result.intent) 优先取 legacy 状态值
解决方案：统一 result["intent"] = intent_result.intent（始终用 Intent Router 分类）
验证方式：全量评测 intent_accuracy=1.0
====================

====================
时间：2026-08-12
Phase：Phase 5-4
文件：document/pipeline.py
问题：管线内嵌 LLM 自动分类会拖慢全量回归
现象：所有经 document_service.upload 的测试文档都触发真实 DeepSeek 分类调用，回归变慢且有 LLM 不确定性
原因分析：默认 knowledge_auto_classify=True，所有上传（含测试）都走 LLM 分类
解决方案：人工指定类别优先，仅当 document.category 为空时才自动分类（回归测试大多传 category，自动跳过 LLM）
验证方式：test_knowledge_intelligence 六场景通过；全量回归 21/21（12 核心 + 7 Agent + 1 评测 + 1 新增）
====================

====================
时间：2026-08-12
Phase：Phase 5-4
文件：knowledge/similarity.py + rag/milvus_store.py
问题：Milvus 动态字段排除 filter 语法验证
现象：search_with_document 需排除自身文档，filter `document_id != N` 是否受支持存疑
原因分析：动态 int 字段支持比较表达式，但需用正确维度向量（bge 集合为 512 维，非 create_collection 默认 384）验证
解决方案：手工验证 `metadata["tenant_id"] == "X" && document_id != N` 可用（512 维向量），无需 Python 层回退
验证方式：test_knowledge_intelligence 场景3 相似文档命中/排除正确
====================
====================
时间：2026-08-12
Phase：Phase 5-5-1
文件：scripts/test_agent_trace.py
问题：Agent Trace 断言失败（get_trace 返回 None）
现象：追踪已写入 DB（1 trace + 5 spans），但按 request_id + tenant_a("1") 查不到
原因分析：员工A 是设计上的默认单租户用户 tenant_id=""（企业微信闭环用），而测试用 _tenant_id("ww_corp_A")="1" 比较，租户校验不匹配
解决方案：测试改用租户 A 用户 A财务员工（tenant_id="1"），tenant_a 从 user.tenant_id 取，隔离断言用 B 租户 id
验证方式：test_agent_trace 场景1/2 通过
====================

====================
时间：2026-08-12
Phase：Phase 5-5-1
文件：agent/runtime.py + core/trace.py
问题：Runtime 集成追踪后异常路径未收尾
现象：若 context_builder/intent_router 阶段抛异常（try 块之前），finally 不执行 → trace 永不落库
原因分析：tracer.finish 挂在 exec 主 try/finally 上，但 start 与 try 之间还有 span 代码段
解决方案：确认主链路各阶段均在 try 内，finish 置于 finally；追踪写库单事务且失败静默
验证方式：test_agent_trace 场景3（异常 span 记 error）通过
====================
====================
时间：2026-08-12
Phase：Phase 5-5-2
文件：services/config_service.py
问题：类方法 list 遮蔽内置 list 类型，注解失败
现象：`def list_keys(self) -> list[str]:` 抛 TypeError: 'function' object is not subscriptable
原因分析：类体内已定义方法 list()，在类作用域内解析注解时 list 指向该方法而非内置类型
解决方案：重命名方法 list → list_configs，同步 API 调用
验证方式：test_agent_config 场景5 通过
====================

====================
时间：2026-08-12
Phase：Phase 5-5-2
文件：scripts/test_agent_config.py
问题：平台级配置测试登录 admin 失败
现象：KeyError: 'access_token'，admin 登录返回错误
原因分析：admin 口令来自 .env 的 settings.admin_password，非硬编码 test123
解决方案：测试改用 settings.admin_username/settings.admin_password
验证方式：test_agent_config 场景5 通过
====================
====================
时间：2026-08-12
Phase：Phase 5-5-5
文件：scripts/test_failure_recovery.py
问题：直接导入 core/resilience 未触发 UTF-8 重配置，print ✅ 报 GBK 错误
现象：UnicodeEncodeError: 'gbk' codec can't encode character '✅'
原因分析：config.py 的 stdout 重配置只在 import work_agent.config 时生效；测试直接 import core.resilience（不依赖 config）绕过了重配置
解决方案：测试顶部显式 import work_agent.config（副作用触发重配置）
验证方式：test_failure_recovery 六场景通过
====================

====================
时间：2026-08-12
Phase：P6-1
文件：uv.lock + requirements.txt
问题：uv.lock 过期，无法导出正确生产依赖清单；requirements.txt 不完整
现象：uv.lock 缺少 minio/SQLAlchemy/psycopg2/PyJWT/bcrypt/python-multipart 等运行时依赖（venv 实际已装）；requirements.txt 也缺失 pymilvus/minio/PyJWT 等，直接用其构建镜像会 import 失败
原因：uv.lock 长期未与 pyproject.toml 同步（陈旧）；requirements.txt 为早期手工清单
修复：`uv lock` 重建 lock（+453 行补入全部缺失依赖）→ `uv export --frozen --no-dev --no-hashes -o requirements.prod.txt`（405 行全量传递依赖）；torch 由 `==2.13.0` 调整为 `==2.13.0+cpu`（CPU 构建，镜像减小 ~2GB）；requirements.txt 保持原样不动
验证：`docker compose config` 通过；requirements.prod.txt 含全部关键运行时依赖；torch CPU 版与开发 venv 一致（2.13.0+cpu）
====================

====================
时间：2026-08-12
Phase：P6-1
文件：Dockerfile
问题：COPY src 后 uvicorn 无法 import work_agent.main
现象：镜像中代码位于 /app/src/work_agent，未 pip install，默认 sys.path 不含 /app/src
原因：镜像只 COPY src，未把 work_agent 安装进 site-packages
修复：Dockerfile 增加 `ENV PYTHONPATH=/app/src`
验证：`PYTHONPATH=/d/project/work_agent/src python -c "import work_agent.main"` → 解析到 src 路径，import OK
====================

====================
时间：2026-08-12
Phase：P6-1
文件：rag/milvus_store.py（阻塞项）
问题：Milvus 连接地址硬编码 localhost，容器内无法连到 Milvus
现象：`MilvusClient(uri="http://localhost:19530")`，生产容器中 Milvus 服务名为 milvus-standalone:19530
原因：连接地址未配置化
修复：config.py 加 `milvus_uri`（pydantic-settings 自动读 MILVUS_URI，默认 localhost）；`rag/milvus_store.py` 改为 `MilvusClient(uri=settings.milvus_uri)`（已获用户批准，非 RAG 逻辑改动）
验证：默认 localhost 连接 OK；MILVUS_URI 环境变量覆盖生效；test_milvus/test_permission/test_audit 通过
====================

====================
时间：2026-08-13
Phase：P6-1 部署（服务器排障）
文件：deploy/scripts/deploy.sh + rollback.sh
问题：前端构建后 dist 消失，cp 报 No such file or directory
原因：仓库位于 /opt/work-agent，nginx 根目录即仓库内 frontend/dist；拷贝步骤 rm -rf /opt/work-agent/frontend/dist 删的正是刚构建的源目录（源=目标同一路径）
修复：删除两脚本中"拷贝 dist"整块（构建产物已在 nginx 根目录，无需拷贝）
验证：bash -n 通过；服务器重新构建走到 pip 安装阶段
====================

====================
时间：2026-08-13
Phase：P6-1 部署（服务器排障）
文件：requirements.prod.txt
问题：Docker build 报 'does not appear to be a Python project: neither setup.py nor pyproject.toml found'
原因：uv export 默认把项目自身以 '-e .' 写入第16行；Dockerfile 仅 COPY requirements 时 /app 无 pyproject
修复：uv export --no-emit-project 重新导出，去除 '-e .'
验证：服务器构建通过该步骤，进入 pip install
====================

====================
时间：2026-08-13
Phase：P6-1 部署（服务器排障）
文件：requirements.prod.txt
问题：pip install 下载 nvidia_curand/cusolver 等 CUDA 库数百 MB，构建 18 分钟未完
原因：uv.lock 从 PyPI 解析出 CUDA 版 torch，export 把 nvidia-*/triton 依赖树写入清单；CPU torch 不需要
修复：移除 16 个 CUDA-only 依赖（nvidia-*/triton，均带 sys_platform=='linux'），torch 保持 ==2.13.0+cpu
验证：清单无残留 CUDA 依赖；镜像体积/构建时长大幅下降
====================

====================
时间：2026-08-13
Phase：P6-1 部署（服务器排障）
文件：deploy/docker-compose.prod.yml
问题：Milvus 报 'The Access Key Id you provided does not exist in our records'
原因：milvus-standalone 缺 MinIO 凭据；且环境变量名需按 v2.5.0 实际为准
修复：增加 MINIO_ACCESS_KEY_ID: ${MILVUS_MINIO_USER} / MINIO_SECRET_ACCESS_KEY: ${MILVUS_MINIO_PASSWORD}；环境变量名经镜像内 /milvus/configs/milvus.yaml 核实
验证：docker compose config 正确注入；待服务器 up 后验证
====================

====================
时间：2026-08-13
Phase：WeCom 接入
文件：api/users.py
问题：FastAPI 把未注解的 `request` 参数当作必填查询参数
现象：/api/admin/users/{id}/wechat 绑定接口启动/调用报缺少查询参数
原因：bind_wechat 参数 `request` 无类型注解，FastAPI 默认按 query 解析
修复：加类型注解 `request: Request`
验证：py_compile 通过；待 Docker 起后跑 test_wecom Part D
====================

====================
时间：2026-08-13
Phase：WeCom 接入
文件：wechat/verify.py → wechat/crypto.py
问题：旧 URL 验证直接回显 echostr（假验证，登记债务）
现象：/wechat/message GET 不验签不校验，任何 echostr 原样返回
修复：删除 verify.py；手写 WXBizMsgCrypt（crypto.py，官方算法 + pycryptodome）：SHA1 验签 + AES-256-CBC 解密/加密；wechat/__init__.py 导出更新；api/server.py 死代码导入修正
验证：test_wecom Part A 官方向量通过（验签/往返/防篡改/跨corp/key长度）
====================

====================
时间：2026-08-13
Phase：WeCom 接入
文件：wechat/auth.py / wechat/sender.py → wechat/client.py
问题：get_access_token 重复实现（auth.py 不查 errcode），且无 token 缓存
现象：每条消息都 gettoken，且 auth.py 出错不报
修复：新增 wechat/client.py 统一 WeComClient（Redis 缓存 token 提前 200s 过期 + 内存兜底、send_text_message、get_user_info）；删除 auth.py；sender.py 改为 client 薄门面保持接口
验证：import OK；生产需企微「企业可信IP」配置
====================

====================
时间：2026-08-13
Phase：任务督导（AI Task Supervisor）
文件：db/models/task.py
问题：create_all 建表报 relation "ix_task_updates_task_id" already exists
原因：TaskUpdate.task_id 同时有 index=True（自动 ix_task_updates_task_id）和 __table_args__ 里同名显式 Index，重复生成
修复：删除冗余显式 Index，保留 index=True
验证：migrate_tasks 通过，test_task_agent 全绿
====================

====================
时间：2026-08-13
Phase：任务督导
文件：agent/planner.py + prompts/intent_router.txt
问题：LLM 在 workflow_request/task_management 意图间摇摆，「我的任务完成了吗」时而归 workflow_request
原因：prompt 里两意图示例重叠；LLM 无状态
修复：prompt 消除重叠（workflow_request 只管催办/提醒）；planner 归一化——workflow_request 且含「任务/进度」→ task
验证：test_agent_planner 场景3b 更新为 task 计划，全绿
====================

====================
时间：2026-08-13
Phase：任务督导
文件：agent/tools/task_tool.py + services/task_service.py
问题：complete 流程 tool 只改返回 dict 的 progress=100，DB pending 仍是原解析值 → 确认后进度不更新
原因：tool 在响应上改 parsed，未影响已入库的 pending
修复：submit_progress_feedback 加 force_progress 参数，complete 时直接以 100 写入 pending
验证：test_task_agent Part 3 complete→100 通过
====================

====================
时间：2026-08-13
Phase：任务督导
文件：scripts/test_task_agent.py
问题：测试重复运行后员工积累多个同名任务，Part 3 提交解析到旧任务 → 断言失败
原因：测试非幂等，未清理历史任务数据
修复：_setup 开头清理测试员工(A财务员工/B市场员工)的 tasks/updates/pending
验证：连续两次运行全绿
====================

====================
时间：2026-08-13
Phase：任务督导
文件：services/task_service.py + api/tasks.py
问题：Web 创建任务 tenant_id 为空 → 员工企微「我的任务」查不到
原因：创建者 admin(SUPER_ADMIN) tenant_id=''（平台单租户占位），任务继承空租户；而员工按 tenant_id='1' 过滤
修复：任务 tenant_id 归属「数据所有者」= 负责人 employee 的租户（创建者兜底，皆空拒绝）；前端不传 tenant_id；tasks.tenant_id 加 CHECK(<>'') 约束
验证：test_task_agent Part 5 租户继承 + 空租户 IntegrityError 拦截；生产需重跑 migrate_tasks（回填历史空租户任务）
教训：多租户数据继承统一原则——tenant_id 永远来自数据所有者（负责人/员工），不来自创建者，更不来自前端
====================
